[proto] lint shared wire contract
[proto] verify stored v1 wire fixture remains readable
[localization] verify Bangla and English resource parity and bundled font
font/noto_sans_bengali_regular.ttf: OK
[map] verify reviewed offline Sylhet archive
sylhet.pmtiles: OK
[map] verify Android offline geographic extract
sylhet_osm_basemap.geojson: OK
[map] verify committed OSM-following mission geometry
sylhet_route_geometry.json: OK
[scenario] compile simulated chaos fixture
[model] reproduce synthetic dataset, metrics, and ONNX export
{"confusion_matrix": [[374, 182], [56, 288]], "f1": 0.707617, "precision": 0.612766, "recall": 0.837209}
ONNX parity max absolute error: 8.94069672e-08
[android] unit tests, debug build, and minified release build
Reusing configuration cache.
> Task :app:generateReleaseAssets UP-TO-DATE
> Task :app:protobufDummy UP-TO-DATE
> Task :app:generateDebugAssets UP-TO-DATE
> Task :app:preBuild UP-TO-DATE
> Task :app:preDebugBuild UP-TO-DATE
> Task :app:preDebugUnitTestBuild UP-TO-DATE
> Task :app:preReleaseBuild UP-TO-DATE
> Task :app:mergeDebugNativeDebugMetadata NO-SOURCE
> Task :app:generateDebugResources UP-TO-DATE
> Task :app:extractProguardFiles UP-TO-DATE
> Task :app:desugarDebugFileDependencies UP-TO-DATE
> Task :app:extractDeepLinksDebug UP-TO-DATE
> Task :app:extractTestProto UP-TO-DATE
> Task :app:extractDebugProto UP-TO-DATE
> Task :app:javaPreCompileDebug UP-TO-DATE
> Task :app:extractReleaseProto UP-TO-DATE
> Task :app:javaPreCompileDebugUnitTest UP-TO-DATE
> Task :app:createDebugCompatibleScreenManifests UP-TO-DATE
> Task :app:writeDebugAppMetadata UP-TO-DATE
> Task :app:validateSigningDebug UP-TO-DATE
> Task :app:mergeDebugJniLibFolders UP-TO-DATE
> Task :app:writeDebugSigningConfigVersions UP-TO-DATE
> Task :app:mergeReleaseJniLibFolders UP-TO-DATE
> Task :app:extractProto UP-TO-DATE
> Task :app:packageDebugResources UP-TO-DATE
> Task :app:generateReleaseResources UP-TO-DATE
> Task :app:javaPreCompileRelease UP-TO-DATE
> Task :app:packageReleaseResources UP-TO-DATE
> Task :app:createReleaseCompatibleScreenManifests UP-TO-DATE
> Task :app:extractDeepLinksRelease UP-TO-DATE
> Task :app:mergeReleaseResources UP-TO-DATE
> Task :app:mapDebugSourceSetPaths UP-TO-DATE
> Task :app:mergeReleaseStartupProfile UP-TO-DATE
> Task :app:mergeDebugResources UP-TO-DATE
> Task :app:mapReleaseSourceSetPaths UP-TO-DATE
> Task :app:extractReleaseVersionControlInfo UP-TO-DATE
> Task :app:writeReleaseAppMetadata UP-TO-DATE
> Task :app:writeReleaseSigningConfigVersions UP-TO-DATE
> Task :app:processReleaseNavigationResources UP-TO-DATE
> Task :app:mergeDebugNativeLibs UP-TO-DATE
> Task :app:mergeReleaseNativeLibs UP-TO-DATE
> Task :app:compileReleaseNavigationResources UP-TO-DATE
> Task :app:processDebugNavigationResources UP-TO-DATE
> Task :app:stripDebugDebugSymbols UP-TO-DATE
> Task :app:stripReleaseDebugSymbols UP-TO-DATE
> Task :app:mergeDebugAssets UP-TO-DATE
> Task :app:mergeReleaseAssets UP-TO-DATE
> Task :app:parseReleaseLocalResources UP-TO-DATE
> Task :app:compressReleaseAssets UP-TO-DATE
> Task :app:compileDebugNavigationResources UP-TO-DATE
> Task :app:parseDebugLocalResources UP-TO-DATE
> Task :app:compressDebugAssets UP-TO-DATE
> Task :app:extractReleaseNativeSymbolTables UP-TO-DATE
> Task :app:generateReleaseRFile UP-TO-DATE
> Task :app:generateDebugRFile UP-TO-DATE
> Task :app:mergeReleaseArtProfile UP-TO-DATE
> Task :app:mergeReleaseNativeDebugMetadata NO-SOURCE
> Task :app:checkDebugAarMetadata UP-TO-DATE
> Task :app:checkReleaseAarMetadata UP-TO-DATE
> Task :app:extractIncludeReleaseProto UP-TO-DATE
> Task :app:extractIncludeDebugProto UP-TO-DATE
> Task :app:collectReleaseDependencies UP-TO-DATE
> Task :app:sdkReleaseDependencyData UP-TO-DATE
> Task :app:checkReleaseDuplicateClasses UP-TO-DATE
> Task :app:checkDebugDuplicateClasses UP-TO-DATE
> Task :app:processDebugMainManifest UP-TO-DATE
> Task :app:processReleaseMainManifest UP-TO-DATE
> Task :app:generateReleaseProto UP-TO-DATE
> Task :app:generateDebugProto UP-TO-DATE
> Task :app:mergeLibDexDebug UP-TO-DATE
> Task :app:processReleaseManifest UP-TO-DATE
> Task :app:processDebugManifest UP-TO-DATE
> Task :app:processReleaseManifestForPackage UP-TO-DATE
> Task :app:processDebugManifestForPackage UP-TO-DATE
> Task :app:mergeExtDexDebug UP-TO-DATE
> Task :app:processReleaseResources UP-TO-DATE
> Task :app:processDebugResources UP-TO-DATE
> Task :app:kspDebugKotlin
> Task :app:kspReleaseKotlin
> Task :app:compileDebugKotlin
> Task :app:processDebugJavaRes UP-TO-DATE
> Task :app:mergeDebugJavaResource UP-TO-DATE
> Task :app:compileDebugJavaWithJavac UP-TO-DATE
> Task :app:hiltCollectClassesDebug
> Task :app:compileReleaseKotlin
> Task :app:processReleaseJavaRes UP-TO-DATE
> Task :app:mergeReleaseJavaResource UP-TO-DATE
> Task :app:compileReleaseJavaWithJavac UP-TO-DATE
> Task :app:hiltCollectClassesRelease
> Task :app:generateReleaseLintVitalReportModel
> Task :app:hiltAggregateDepsDebug UP-TO-DATE
> Task :app:hiltAggregateDepsRelease UP-TO-DATE
> Task :app:hiltJavaCompileDebug UP-TO-DATE
> Task :app:hiltJavaCompileRelease UP-TO-DATE
> Task :app:bundleDebugClassesToCompileJar
> Task :app:transformReleaseClassesWithAsm
> Task :app:transformDebugClassesWithAsm
> Task :app:mergeReleaseGeneratedProguardFiles UP-TO-DATE
> Task :app:bundleDebugClassesToRuntimeJar
> Task :app:extractIncludeDebugUnitTestProto
> Task :app:generateDebugUnitTestProto NO-SOURCE
> Task :app:kspDebugUnitTestKotlin UP-TO-DATE
> Task :app:expandReleaseArtProfileWildcards
> Task :app:dexBuilderDebug
> Task :app:mergeDebugGlobalSynthetics UP-TO-DATE
> Task :app:compileDebugUnitTestKotlin UP-TO-DATE
> Task :app:compileDebugUnitTestJavaWithJavac NO-SOURCE
> Task :app:hiltCollectClassesDebugUnitTest
> Task :app:processDebugUnitTestJavaRes UP-TO-DATE
> Task :app:hiltAggregateDepsDebugUnitTest UP-TO-DATE
> Task :app:hiltJavaCompileDebugUnitTest NO-SOURCE
> Task :app:transformDebugUnitTestClassesWithAsm UP-TO-DATE
> Task :app:mergeProjectDexDebug
> Task :app:packageDebug
> Task :app:assembleDebug
> Task :app:createDebugApkListingFileRedirect UP-TO-DATE
> Task :app:testDebugUnitTest
> Task :app:test
> Task :app:produceReleaseComposeMapping
> Task :app:reportReleaseComposeMappingErrors
> Task :app:lintVitalAnalyzeRelease
> Task :app:lintVitalReportRelease UP-TO-DATE
> Task :app:lintVitalRelease
> Task :app:minifyReleaseWithR8
> Task :app:convertShrunkResourcesToBinaryRelease UP-TO-DATE
> Task :app:optimizeReleaseResources UP-TO-DATE
> Task :app:mergeReleaseComposeMapping
> Task :app:compileReleaseArtProfile
> Task :app:packageRelease
> Task :app:assembleRelease
> Task :app:createReleaseApkListingFileRedirect UP-TO-DATE

BUILD SUCCESSFUL in 27s
113 actionable tasks: 23 executed, 90 up-to-date
Configuration cache entry reused.
[android] bundled offline barcode model present in APK
[android] connected Compose journey tests
Calculating task graph as configuration cache cannot be reused because environment variable 'ANDROID_HOME' has changed.
> Task :app:preBuild UP-TO-DATE
> Task :app:generateDebugAssets UP-TO-DATE
> Task :app:generateDebugAndroidTestAssets UP-TO-DATE
> Task :app:protobufDummy UP-TO-DATE
> Task :app:preDebugAndroidTestBuild SKIPPED
> Task :app:processDebugAndroidTestNavigationResources UP-TO-DATE
> Task :app:extractDebugProto UP-TO-DATE
> Task :app:generateDebugAndroidTestResources UP-TO-DATE
> Task :app:javaPreCompileDebugAndroidTest UP-TO-DATE
> Task :app:extractAndroidTestProto UP-TO-DATE
> Task :app:preDebugBuild UP-TO-DATE
> Task :app:extractProto UP-TO-DATE
> Task :app:validateSigningDebugAndroidTest UP-TO-DATE
> Task :app:mergeDebugAndroidTestJniLibFolders UP-TO-DATE
> Task :app:packageDebugAndroidTestResources UP-TO-DATE
> Task :app:desugarDebugAndroidTestFileDependencies UP-TO-DATE
> Task :app:mergeDebugAndroidTestAssets UP-TO-DATE
> Task :app:writeDebugAndroidTestSigningConfigVersions UP-TO-DATE
> Task :app:compileDebugAndroidTestNavigationResources UP-TO-DATE
> Task :app:compressDebugAndroidTestAssets UP-TO-DATE
> Task :app:generateDebugResources UP-TO-DATE
> Task :app:javaPreCompileDebug UP-TO-DATE
> Task :app:desugarDebugFileDependencies UP-TO-DATE
> Task :app:createDebugCompatibleScreenManifests UP-TO-DATE
> Task :app:mergeDebugJniLibFolders UP-TO-DATE
> Task :app:extractDeepLinksDebug UP-TO-DATE
> Task :app:mapDebugAndroidTestSourceSetPaths UP-TO-DATE
> Task :app:writeDebugAppMetadata UP-TO-DATE
> Task :app:validateSigningDebug UP-TO-DATE
> Task :app:mergeDebugAndroidTestResources UP-TO-DATE
> Task :app:writeDebugSigningConfigVersions UP-TO-DATE
> Task :app:packageDebugResources UP-TO-DATE
> Task :app:extractIncludeDebugProto UP-TO-DATE
> Task :app:parseDebugAndroidTestLocalResources UP-TO-DATE
> Task :app:mergeDebugAssets UP-TO-DATE
> Task :app:generateDebugAndroidTestRFile UP-TO-DATE
> Task :app:checkDebugAndroidTestAarMetadata UP-TO-DATE
> Task :app:mapDebugSourceSetPaths UP-TO-DATE
> Task :app:checkDebugAarMetadata UP-TO-DATE
> Task :app:compressDebugAssets UP-TO-DATE
> Task :app:mergeDebugResources UP-TO-DATE
> Task :app:generateDebugProto UP-TO-DATE
> Task :app:checkDebugAndroidTestDuplicateClasses UP-TO-DATE
> Task :app:processDebugNavigationResources UP-TO-DATE
> Task :app:processDebugAndroidTestManifest UP-TO-DATE
> Task :app:checkDebugDuplicateClasses UP-TO-DATE
> Task :app:compileDebugNavigationResources UP-TO-DATE
> Task :app:mergeLibDexDebugAndroidTest UP-TO-DATE
> Task :app:parseDebugLocalResources UP-TO-DATE
> Task :app:mergeLibDexDebug UP-TO-DATE
> Task :app:processDebugMainManifest UP-TO-DATE
> Task :app:generateDebugRFile UP-TO-DATE
> Task :app:processDebugManifest UP-TO-DATE
> Task :app:mergeDebugNativeLibs UP-TO-DATE
> Task :app:processDebugManifestForPackage UP-TO-DATE
> Task :app:stripDebugDebugSymbols UP-TO-DATE
> Task :app:mergeDebugAndroidTestNativeLibs NO-SOURCE
> Task :app:stripDebugAndroidTestDebugSymbols NO-SOURCE
> Task :app:mergeExtDexDebugAndroidTest UP-TO-DATE
> Task :app:mergeExtDexDebug UP-TO-DATE
> Task :app:kspDebugKotlin UP-TO-DATE
> Task :app:processDebugAndroidTestResources UP-TO-DATE
> Task :app:processDebugResources UP-TO-DATE
> Task :app:compileDebugKotlin UP-TO-DATE
> Task :app:processDebugJavaRes UP-TO-DATE
> Task :app:compileDebugJavaWithJavac UP-TO-DATE
> Task :app:hiltCollectClassesDebug UP-TO-DATE
> Task :app:mergeDebugJavaResource UP-TO-DATE
> Task :app:hiltAggregateDepsDebug UP-TO-DATE
> Task :app:hiltJavaCompileDebug UP-TO-DATE
> Task :app:bundleDebugClassesToCompileJar UP-TO-DATE
> Task :app:transformDebugClassesWithAsm UP-TO-DATE
> Task :app:dexBuilderDebug UP-TO-DATE
> Task :app:mergeProjectDexDebug UP-TO-DATE
> Task :app:mergeDebugGlobalSynthetics UP-TO-DATE
> Task :app:packageDebug UP-TO-DATE
> Task :app:createDebugApkListingFileRedirect UP-TO-DATE
> Task :app:extractIncludeDebugAndroidTestProto
> Task :app:generateDebugAndroidTestProto NO-SOURCE
> Task :app:kspDebugAndroidTestKotlin
> Task :app:compileDebugAndroidTestKotlin
> Task :app:compileDebugAndroidTestJavaWithJavac NO-SOURCE
> Task :app:hiltCollectClassesDebugAndroidTest
> Task :app:processDebugAndroidTestJavaRes UP-TO-DATE
> Task :app:mergeDebugAndroidTestJavaResource UP-TO-DATE
> Task :app:hiltAggregateDepsDebugAndroidTest UP-TO-DATE
> Task :app:hiltJavaCompileDebugAndroidTest NO-SOURCE
> Task :app:transformDebugAndroidTestClassesWithAsm
> Task :app:dexBuilderDebugAndroidTest
> Task :app:mergeDebugAndroidTestGlobalSynthetics UP-TO-DATE
> Task :app:mergeProjectDexDebugAndroidTest
> Task :app:packageDebugAndroidTest
> Task :app:createDebugAndroidTestApkListingFileRedirect UP-TO-DATE
Starting 78 tests on Pixel_10_Pro_XL(AVD) - 16
Pixel_10_Pro_XL(AVD) - 16 Tests 44/78 completed. (0 skipped) (0 failed)
> Task :app:connectedDebugAndroidTest

Pixel_10_Pro_XL(AVD) - 16 Tests 48/78 completed. (0 skipped) (0 failed)
Pixel_10_Pro_XL(AVD) - 16 Tests 60/78 completed. (0 skipped) (0 failed)
Pixel_10_Pro_XL(AVD) - 16 Tests 63/78 completed. (0 skipped) (0 failed)
Pixel_10_Pro_XL(AVD) - 16 Tests 65/78 completed. (0 skipped) (0 failed)
Pixel_10_Pro_XL(AVD) - 16 Tests 67/78 completed. (0 skipped) (0 failed)
Pixel_10_Pro_XL(AVD) - 16 Tests 69/78 completed. (0 skipped) (0 failed)
Pixel_10_Pro_XL(AVD) - 16 Tests 72/78 completed. (0 skipped) (0 failed)
Pixel_10_Pro_XL(AVD) - 16 Tests 74/78 completed. (0 skipped) (0 failed)
Pixel_10_Pro_XL(AVD) - 16 Tests 76/78 completed. (0 skipped) (0 failed)
Pixel_10_Pro_XL(AVD) - 16 Tests 77/78 completed. (0 skipped) (0 failed)
Finished 78 tests on Pixel_10_Pro_XL(AVD) - 16

BUILD SUCCESSFUL in 2m 18s
81 actionable tasks: 8 executed, 73 up-to-date
Configuration cache entry stored.
[go] race tests, vet, and node build
?   	github.com/Seyamalam/digital-delta/services/node/cmd/delta-drill	[no test files]
ok  	github.com/Seyamalam/digital-delta/services/node/cmd/delta-load	(cached)
ok  	github.com/Seyamalam/digital-delta/services/node/cmd/delta-node	(cached)
?   	github.com/Seyamalam/digital-delta/services/node/cmd/delta-provision	[no test files]
?   	github.com/Seyamalam/digital-delta/services/node/gen/digitaldelta/v1	[no test files]
ok  	github.com/Seyamalam/digital-delta/services/node/internal/drill	(cached)
ok  	github.com/Seyamalam/digital-delta/services/node/internal/mesh	(cached)
ok  	github.com/Seyamalam/digital-delta/services/node/internal/observer	(cached)
ok  	github.com/Seyamalam/digital-delta/services/node/internal/provisioning	(cached)
[proto] generate checked-in TypeScript descriptors
(node:71843) ExperimentalWarning: localStorage is not available because --localstorage-file was not provided.
(Use `node --trace-warnings ...` to show where the warning was created)
[command] tests, typecheck, and Next.js production build
$ vitest --run

 RUN  v5.0.0 /Users/seyam/Work/Innovation_fair/apps/command


 Test Files  5 passed (5)
      Tests  27 passed (27)
   Start at  14:39:09
   Duration  1.40s (environment 52%, setup 22%, tests 13%, transform 8%, import 5%)

$ tsc --noEmit
$ node scripts/copy-maplibre-worker.mjs
$ next build --webpack
▲ Next.js 16.3.4 (webpack)
- Environments: .env.local
✓ Running next.config.ts took 10ms

  Creating an optimized production build ...
✓ Compiled successfully in 1168ms
  Running TypeScript ...
  Finished TypeScript in 980ms ...
  Collecting page data using 10 workers ...
  Generating static pages using 10 workers (0/9) ...
  Generating static pages using 10 workers (2/9) 
  Generating static pages using 10 workers (4/9) 
  Generating static pages using 10 workers (6/9) 
✓ Generating static pages using 10 workers (9/9) in 291ms
  Finalizing page optimization ...
  Collecting build traces ...

Route (app)
┌ ○ /
├ ○ /_not-found
├ ○ /activity
├ ○ /exercise
├ ○ /map
├ ○ /missions
├ ○ /network
└ ○ /resources


○  (Static)  prerendered as static content

[archive] tests, typecheck, and Cloudflare deployment dry run
$ vitest run

 RUN  v4.1.11 /Users/seyam/Work/Innovation_fair/services/headquarters-archive

Using secrets defined in .dev.vars
Using secrets defined in .dev.vars

 Test Files  2 passed (2)
      Tests  12 passed (12)
   Start at  14:39:22
   Duration  652ms (transform 66ms, setup 0ms, import 120ms, tests 43ms, environment 0ms)

$ tsc --noEmit

 ⛅️ wrangler 4.129.0
────────────────────
Total Upload: 79.18 KiB / gzip: 20.20 KiB
Your Worker has access to the following bindings:
Binding                                                                    Resource                  
env.HQ_DB (digital-delta-hq)                                               D1 Database               
env.ARCHIVE_RATE_LIMITER (60 requests/60s)                                 Rate Limit                
env.ALLOWED_ORIGINS ("http://localhost:3000,http://127.0.0....")           Environment Variable      

--dry-run: exiting now.
Local verification passed.
